// Jest Snapshot v1, https://goo.gl/fbAQLP

exports[`NovaThemeProvider enforces dark theme regardless of system preference: dark-colors 1`] = `
Object {
  "accent": Object {
    "primary": "#3f66ff",
    "secondary": "#ff9f1a",
  },
  "background": Object {
    "base": "#0b0b0f",
    "contrast": "#000000",
    "elevated": "#1f1f2a",
    "surface": "#16161f",
  },
  "border": Object {
    "emphasis": "#4a4f5e",
    "subtle": "#2b2f3c",
  },
  "overlay": Object {
    "button": "rgba(255, 255, 255, 0.12)",
    "scrim": "rgba(11, 11, 15, 0.72)",
  },
  "status": Object {
    "danger": "#e74c3c",
    "success": "#2ecc71",
    "warning": "#f1c40f",
  },
  "text": Object {
    "disabled": "#555866",
    "inverse": "#ffffff",
    "muted": "#8c90a6",
    "primary": "#ffffff",
    "secondary": "#c7cad6",
  },
}
`;

exports[`NovaThemeProvider provides the dark palette by default: dark-colors 1`] = `
Object {
  "accent": Object {
    "primary": "#3f66ff",
    "secondary": "#ff9f1a",
  },
  "background": Object {
    "base": "#0b0b0f",
    "contrast": "#000000",
    "elevated": "#1f1f2a",
    "surface": "#16161f",
  },
  "border": Object {
    "emphasis": "#4a4f5e",
    "subtle": "#2b2f3c",
  },
  "overlay": Object {
    "button": "rgba(255, 255, 255, 0.12)",
    "scrim": "rgba(11, 11, 15, 0.72)",
  },
  "status": Object {
    "danger": "#e74c3c",
    "success": "#2ecc71",
    "warning": "#f1c40f",
  },
  "text": Object {
    "disabled": "#555866",
    "inverse": "#ffffff",
    "muted": "#8c90a6",
    "primary": "#ffffff",
    "secondary": "#c7cad6",
  },
}
`;
